// Jest Snapshot v1, https://goo.gl/fbAQLP

exports[`ff6347 tests BWB: get csv file 1`] = `"404: Not Found"`;
